Running Gradle task 'assembleDebug'...                          
flutter : Warning: Flutter 
support for your project's 
Kotlin version (1.8.22) 
will soon be dropped. 
Please upgrade your Kotlin 
version to a version of at 
least 2.1.0 soon.
At line:1 char:1
+ flutter build apk 
--debug > build_output.txt 
2>&1
+ ~~~~~~~~~~~~~~~~~~~~~~~~~
~~~~~~~~~~~~~~~~~~~~~~~~
    + CategoryInfo         
     : NotSpe    cified: 
(Warning    : Flutte...ast 
2    .1.0 soon.:Strin    
g) [], RemoteExc    eption
    + FullyQualified    
ErrorId : Native    
CommandError
 
Alternatively, use the 
flag "--android-skip-build-
dependency-validation" to 
bypass this check.

Potential fix: Your 
project's KGP version is 
typically defined in the 
plugins block of the 
`settings.gradle` file (C:\
Users\rudra\AndroidStudioPr
ojects\Tatva\android/settin
gs.gradle), by a plugin 
with the id of org.jetbrain
s.kotlin.android. 
If you don't see a plugins 
block, your project was 
likely created with an 
older template version, in 
which case it is most 
likely defined in the 
top-level build.gradle 
file (C:\Users\rudra\Androi
dStudioProjects\Tatva\andro
id/build.gradle) by the 
ext.kotlin_version 
property.

Warning: The plugin google_sign_in_android requires Android SDK version 36 or higher.
For more information about build configuration, see https://flutter.dev/to/review-gradle-config.
Warning: The plugin path_provider_android requires Android SDK version 36 or higher.
For more information about build configuration, see https://flutter.dev/to/review-gradle-config.
Warning: The plugin url_launcher_android requires Android SDK version 36 or higher.
For more information about build configuration, see https://flutter.dev/to/review-gradle-config.
Your project is configured 
to compile against Android 
SDK 35, but the following 
plugin(s) require to be 
compiled against a higher 
Android SDK version:
- google_sign_in_android 
compiles against Android 
SDK 36
- path_provider_android 
compiles against Android 
SDK 36
- url_launcher_android 
compiles against Android 
SDK 36
Fix this issue by 
compiling against the 
highest Android SDK 
version (they are backward 
compatible).
Add the following to C:\Use
rs\rudra\AndroidStudioProje
cts\Tatva\android\app\build
.gradle.kts:

    android {
        compileSdk = 36
        ...
    }
lib/shared/views/aboutus.da
rt:281:42: Error: The 
argument type 
'TabBarTheme' can't be 
assigned to the parameter 
type 'TabBarThemeData?'.
 - 'TabBarTheme' is from 'p
ackage:flutter/src/material
/tab_bar_theme.dart' ('/C:/
flutter/flutter/packages/fl
utter/lib/src/material/tab_
bar_theme.dart').
 - 'TabBarThemeData' is 
from 'package:flutter/src/m
aterial/tab_bar_theme.dart'
 ('/C:/flutter/flutter/pack
ages/flutter/lib/src/materi
al/tab_bar_theme.dart').
                      
tabBarTheme: const 
TabBarTheme(
                           
              ^
Target 
kernel_snapshot_program 
failed: Exception


FAILURE: Build failed with 
an exception.

* What went wrong:
Execution failed for task '
:app:compileFlutterBuildDeb
ug'.
> Process 'command 'C:\flut
ter\flutter\bin\flutter.bat
'' finished with non-zero 
exit value 1

* Try:
> Run with --stacktrace 
option to get the stack 
trace.
> Run with --info or 
--debug option to get more 
log output.
> Run with --scan to get 
full insights.
> Get more help at 
https://help.gradle.org.

BUILD FAILED in 13s
Running Gradle task 'assembleDebug'...                             13.8s
Gradle task assembleDebug 
failed with exit code 1
